
> conhece-siclus@0.1.0 build
> next build

   Ôû▓ Next.js 15.1.11
   - Environments: .env

   Creating an optimized production build ...
(node:9588) [DEP0040] DeprecationWarning: The `punycode` module is deprecated. Please use a userland alternative instead.
(Use `node --trace-deprecation ...` to show where the warning was created)
 Ô£ô Compiled successfully
   Linting and checking validity of types ...

Failed to compile.

./src/app/admin/AdminClient.tsx
95:11  Error: 'cat' is never reassigned. Use 'const' instead.  prefer-const
96:11  Error: 'catId' is never reassigned. Use 'const' instead.  prefer-const
126:17  Error: Unexpected any. Specify a different type.  @typescript-eslint/no-explicit-any
161:17  Error: Unexpected any. Specify a different type.  @typescript-eslint/no-explicit-any
174:19  Error: Unexpected any. Specify a different type.  @typescript-eslint/no-explicit-any
201:34  Error: 'index' is defined but never used.  @typescript-eslint/no-unused-vars
216:17  Error: Unexpected any. Specify a different type.  @typescript-eslint/no-explicit-any
421:23  Warning: Using `<img>` could result in slower LCP and higher bandwidth. Consider using `<Image />` from `next/image` or a custom image loader to automatically optimize images. This may incur additional usage or cost from your provider. See: https://nextjs.org/docs/messages/no-img-element  @next/next/no-img-element

./src/app/HomeClient.tsx
25:31  Error: Unexpected any. Specify a different type.  @typescript-eslint/no-explicit-any
226:23  Warning: Using `<img>` could result in slower LCP and higher bandwidth. Consider using `<Image />` from `next/image` or a custom image loader to automatically optimize images. This may incur additional usage or cost from your provider. See: https://nextjs.org/docs/messages/no-img-element  @next/next/no-img-element

info  - Need to disable some ESLint rules? Learn more here: https://nextjs.org/docs/app/api-reference/config/eslint#disabling-rules
